| Test.java:22:9:22:24 | someAction(...) | Method $@ called without being preceded by initialize. | Test.java:22:9:22:24 | someAction(...) | someAction |
