| test.c:35:12:35:15 | %s |
| test.c:35:12:35:15 | %s |
| test.c:35:12:35:15 | %s |
| test.c:36:12:36:15 | %s |
| test.c:36:12:36:15 | %s |
| test.c:36:12:36:15 | %s |
| test.c:37:12:37:15 | %s |
| test.c:37:12:37:15 | %s |
| test.c:37:12:37:15 | %s |
| test.c:38:12:38:15 | %s |
| test.c:38:12:38:15 | %s |
| test.c:38:12:38:15 | %s |
| test.c:39:12:39:15 | %s |
| test.c:39:12:39:15 | %s |
| test.c:39:12:39:15 | %s |
| test.c:40:12:40:15 | %s |
| test.c:40:12:40:15 | %s |
| test.c:40:12:40:15 | %s |
| test.c:41:12:41:15 | %s |
| test.c:41:12:41:15 | %s |
| test.c:41:12:41:15 | %s |
| test.c:43:28:43:31 | %s |
| test.c:43:28:43:31 | %s |
| test.c:43:28:43:31 | %s |
| test.c:44:28:44:31 | %s |
| test.c:44:28:44:31 | %s |
| test.c:44:28:44:31 | %s |
| test.c:45:28:45:31 | %s |
| test.c:45:28:45:31 | %s |
| test.c:45:28:45:31 | %s |
| test.c:46:28:46:31 | %s |
| test.c:46:28:46:31 | %s |
| test.c:46:28:46:31 | %s |
| test.c:47:28:47:31 | %s |
| test.c:47:28:47:31 | %s |
| test.c:47:28:47:31 | %s |
| test.c:48:28:48:31 | %s |
| test.c:48:28:48:31 | %s |
| test.c:48:28:48:31 | %s |
| test.c:49:28:49:31 | %s |
| test.c:49:28:49:31 | %s |
| test.c:49:28:49:31 | %s |
| test.c:53:12:53:16 | argv1 |
| test.c:53:12:53:16 | argv1 |
| test.c:54:12:54:15 | buf1 |
| test.c:54:12:54:15 | buf1 |
| test.c:54:12:54:15 | buf1 |
| test.c:55:12:55:15 | buf2 |
| test.c:55:12:55:15 | buf2 |
| test.c:55:12:55:15 | buf2 |
| test.c:56:12:56:15 | buf3 |
| test.c:56:12:56:15 | buf3 |
| test.c:56:12:56:15 | buf3 |
| test.c:57:12:57:15 | buf4 |
| test.c:57:12:57:15 | buf4 |
| test.c:57:12:57:15 | buf4 |
| test.c:58:12:58:15 | buf5 |
| test.c:58:12:58:15 | buf5 |
| test.c:58:12:58:15 | buf5 |
| test.c:59:12:59:15 | buf6 |
| test.c:59:12:59:15 | buf6 |
| test.c:59:12:59:15 | buf6 |
| test.c:61:28:61:32 | argv1 |
| test.c:61:28:61:32 | argv1 |
| test.c:62:28:62:31 | buf1 |
| test.c:62:28:62:31 | buf1 |
| test.c:62:28:62:31 | buf1 |
| test.c:63:28:63:31 | buf2 |
| test.c:63:28:63:31 | buf2 |
| test.c:63:28:63:31 | buf2 |
| test.c:64:28:64:31 | buf3 |
| test.c:64:28:64:31 | buf3 |
| test.c:64:28:64:31 | buf3 |
| test.c:65:28:65:31 | buf4 |
| test.c:65:28:65:31 | buf4 |
| test.c:65:28:65:31 | buf4 |
| test.c:66:28:66:31 | buf5 |
| test.c:66:28:66:31 | buf5 |
| test.c:66:28:66:31 | buf5 |
| test.c:67:28:67:31 | buf6 |
| test.c:67:28:67:31 | buf6 |
| test.c:67:28:67:31 | buf6 |
