WARNING: Unused predicate reachable (/workspaces/codeql-learning-catalog/docs/LDF/102/cpp/src/exercises/Exercise5.ql:15,11-20)
