| Test.java:25:9:25:24 | someAction(...) | Method $@ called without being preceded by initialize. | Test.java:25:9:25:24 | someAction(...) | someAction |
| Test.java:31:9:31:24 | someAction(...) | Method $@ called without being preceded by initialize. | Test.java:31:9:31:24 | someAction(...) | someAction |
| Test.java:37:9:37:24 | someAction(...) | Method $@ called without being preceded by initialize. | Test.java:37:9:37:24 | someAction(...) | someAction |
| Test.java:46:9:46:24 | someAction(...) | Method $@ called without being preceded by initialize. | Test.java:46:9:46:24 | someAction(...) | someAction |
