| test.cpp:30:3:30:13 | call to some_action | Function '$@' called without being preceded by call to 'init'. | test.cpp:5:6:5:16 | some_action | some_action |
| test.cpp:40:3:40:13 | call to some_action | Function '$@' called without being preceded by call to 'init'. | test.cpp:5:6:5:16 | some_action | some_action |
