| include/linux/miscdevice.h:1:8:1:17 | miscdevice | include/linux/miscdevice.h:5:35:5:38 | fops | file://:0:0:0:0 | const file_operations * |
