| file://:0:0:0:0 | operator= | operator= |
| file://:0:0:0:0 | operator= | operator= |
| main.cpp:4:6:4:6 | f | f |
