| A | A |
| A | B |
| A | C |
| A | D |
| A | E |
| B | B |
| B | C |
| B | D |
| C | C |
| C | D |
| D | D |
| E | B |
| E | C |
| E | D |
| E | E |
