| B | A |
| B | E |
| C | A |
| C | B |
| C | E |
| D | A |
| D | B |
| D | C |
| D | E |
| E | A |
