| include/linux/miscdevice.h:1:8:1:17 | miscdevice |
